19:56:37:356 [ALWAYS]	GUDE Logging Started
19:56:37:357 [INFO]	SqliteResumeCache::SqliteResumeCache basedirectory is null/empty
19:56:37:357 [ERROR]	SqliteResumeCache::CreateSqliteResumeCache creating resume cache pointer failure
19:56:37:357 [ERROR]	Initialize resume cache pointer failure
19:56:37:357 [INFO]	gude policy POLICY_USER limit (2,2,1) chunk 2097152, chunking (UL 0 DL 1), resXfer 1, adapt 0, NSURL 0, timeout 86400 
19:56:37:357 [INFO]	Initialized -- gude-lib version: v0.12.1 app: gude
19:56:39:553 [WARN]	Ignoring attempt to reinit logging to \gude at level 4 retaining 3 days of logs
19:56:39:554 [INFO]	SqliteResumeCache::SqliteResumeCache basedirectory is null/empty
19:56:39:554 [ERROR]	SqliteResumeCache::CreateSqliteResumeCache creating resume cache pointer failure
19:56:39:554 [ERROR]	Initialize resume cache pointer failure
19:56:39:554 [INFO]	gude policy POLICY_USER limit (4,4,1) chunk 2097152, chunking (UL 0 DL 1), resXfer 1, adapt 0, NSURL 1, timeout 86400 
19:56:39:554 [INFO]	Initialized -- gude-lib version: v0.12.1 app: gude
19:58:34:633 [ALWAYS]	GUDE Logging Started
19:58:34:633 [INFO]	SqliteResumeCache::SqliteResumeCache basedirectory is null/empty
19:58:34:634 [ERROR]	SqliteResumeCache::CreateSqliteResumeCache creating resume cache pointer failure
19:58:34:634 [ERROR]	Initialize resume cache pointer failure
19:58:34:634 [INFO]	gude policy POLICY_USER limit (2,2,1) chunk 2097152, chunking (UL 0 DL 1), resXfer 1, adapt 0, NSURL 0, timeout 86400 
19:58:34:634 [INFO]	Initialized -- gude-lib version: v0.12.1 app: gude
19:58:36:222 [WARN]	Ignoring attempt to reinit logging to \gude at level 4 retaining 3 days of logs
19:58:36:222 [INFO]	SqliteResumeCache::SqliteResumeCache basedirectory is null/empty
19:58:36:222 [ERROR]	SqliteResumeCache::CreateSqliteResumeCache creating resume cache pointer failure
19:58:36:222 [ERROR]	Initialize resume cache pointer failure
19:58:36:222 [INFO]	gude policy POLICY_USER limit (4,4,1) chunk 2097152, chunking (UL 0 DL 1), resXfer 1, adapt 0, NSURL 1, timeout 86400 
19:58:36:222 [INFO]	Initialized -- gude-lib version: v0.12.1 app: gude
19:59:41:851 [ALWAYS]	GUDE Logging Started
19:59:41:851 [INFO]	SqliteResumeCache::SqliteResumeCache basedirectory is null/empty
19:59:41:851 [ERROR]	SqliteResumeCache::CreateSqliteResumeCache creating resume cache pointer failure
19:59:41:851 [ERROR]	Initialize resume cache pointer failure
19:59:41:851 [INFO]	gude policy POLICY_USER limit (2,2,1) chunk 2097152, chunking (UL 0 DL 1), resXfer 1, adapt 0, NSURL 0, timeout 86400 
19:59:41:851 [INFO]	Initialized -- gude-lib version: v0.12.1 app: gude
19:59:43:436 [WARN]	Ignoring attempt to reinit logging to \gude at level 4 retaining 3 days of logs
19:59:43:436 [INFO]	SqliteResumeCache::SqliteResumeCache basedirectory is null/empty
19:59:43:436 [ERROR]	SqliteResumeCache::CreateSqliteResumeCache creating resume cache pointer failure
19:59:43:436 [ERROR]	Initialize resume cache pointer failure
19:59:43:436 [INFO]	gude policy POLICY_USER limit (4,4,1) chunk 2097152, chunking (UL 0 DL 1), resXfer 1, adapt 0, NSURL 1, timeout 86400 
19:59:43:436 [INFO]	Initialized -- gude-lib version: v0.12.1 app: gude
20:00:13:450 [ALWAYS]	GUDE Logging Started
20:00:13:451 [INFO]	SqliteResumeCache::SqliteResumeCache basedirectory is null/empty
20:00:13:451 [ERROR]	SqliteResumeCache::CreateSqliteResumeCache creating resume cache pointer failure
20:00:13:451 [ERROR]	Initialize resume cache pointer failure
20:00:13:451 [INFO]	gude policy POLICY_USER limit (2,2,1) chunk 2097152, chunking (UL 0 DL 1), resXfer 1, adapt 0, NSURL 0, timeout 86400 
20:00:13:451 [INFO]	Initialized -- gude-lib version: v0.12.1 app: gude
20:00:15:046 [WARN]	Ignoring attempt to reinit logging to \gude at level 4 retaining 3 days of logs
20:00:15:046 [INFO]	SqliteResumeCache::SqliteResumeCache basedirectory is null/empty
20:00:15:046 [ERROR]	SqliteResumeCache::CreateSqliteResumeCache creating resume cache pointer failure
20:00:15:046 [ERROR]	Initialize resume cache pointer failure
20:00:15:046 [INFO]	gude policy POLICY_USER limit (4,4,1) chunk 2097152, chunking (UL 0 DL 1), resXfer 1, adapt 0, NSURL 1, timeout 86400 
20:00:15:046 [INFO]	Initialized -- gude-lib version: v0.12.1 app: gude
20:03:33:747 [ALWAYS]	GUDE Logging Started
20:03:33:747 [INFO]	SqliteResumeCache::SqliteResumeCache basedirectory is null/empty
20:03:33:747 [ERROR]	SqliteResumeCache::CreateSqliteResumeCache creating resume cache pointer failure
20:03:33:747 [ERROR]	Initialize resume cache pointer failure
20:03:33:747 [INFO]	gude policy POLICY_USER limit (2,2,1) chunk 2097152, chunking (UL 0 DL 1), resXfer 1, adapt 0, NSURL 0, timeout 86400 
20:03:33:747 [INFO]	Initialized -- gude-lib version: v0.12.1 app: gude
20:03:35:404 [WARN]	Ignoring attempt to reinit logging to \gude at level 4 retaining 3 days of logs
20:03:35:404 [INFO]	SqliteResumeCache::SqliteResumeCache basedirectory is null/empty
20:03:35:404 [ERROR]	SqliteResumeCache::CreateSqliteResumeCache creating resume cache pointer failure
20:03:35:404 [ERROR]	Initialize resume cache pointer failure
20:03:35:404 [INFO]	gude policy POLICY_USER limit (4,4,1) chunk 2097152, chunking (UL 0 DL 1), resXfer 1, adapt 0, NSURL 1, timeout 86400 
20:03:35:404 [INFO]	Initialized -- gude-lib version: v0.12.1 app: gude
